// Jest Snapshot v1, https://goo.gl/fbAQLP

exports[`Fetch awaits for fetch 1`] = `
<small>
  Date: 
  2021-02-03
</small>
`;

exports[`Fetch creates Fetch snapshot 1`] = `
<h1>
  Loading...
</h1>
`;
